{
	"item_to_repair": {
		"id": "minecraft:golden_axe"
	},
	"repair": [
		{
			"repair_material": {
				"id": "minecraft:golden_ingot"
			},
			"amount": 3
		},
		{
			"repair_material": {
				"id": "minecraft:golden_nugget"
			},
			"amount": 27
		}
	]
}