{
	"item_to_repair": {
		"id": "minecraft:golden_helmet"
	},
	"repair": [
		{
			"repair_material": {
				"id": "minecraft:golden_ingot"
			},
			"amount": 5
		},
		{
			"repair_material": {
				"id": "minecraft:golden_nugget"
			},
			"amount": 45
		}
	]
}