{
	"item_to_repair": {
		"id": "minecraft:golden_hoe"
	},
	"repair": [
		{
			"repair_material": {
				"id": "minecraft:golden_ingot"
			},
			"amount": 2
		},
		{
			"repair_material": {
				"id": "minecraft:golden_nugget"
			},
			"amount": 18
		}
	]
}