{
	"item_to_repair": {
		"id": "minecraft:golden_chestplate"
	},
	"repair": [
		{
			"repair_material": {
				"id": "minecraft:golden_ingot"
			},
			"amount": 8
		},
		{
			"repair_material": {
				"id": "minecraft:golden_nugget"
			},
			"amount": 72
		}
	]
}