{
	"item_to_repair": {
		"id": "minecraft:golden_leggings"
	},
	"repair": [
		{
			"repair_material": {
				"id": "minecraft:golden_ingot"
			},
			"amount": 7
		},
		{
			"repair_material": {
				"id": "minecraft:golden_nugget"
			},
			"amount": 63
		}
	]
}